[11:53:09] Agents vs Wall Street — forecast run started 2026-08-16T11:53:09
[11:53:09] as_of: full frozen corpus

[11:53:09] registry verified against challenge/companies.json

[11:53:09] === Home Depot (HD) FY2026Q2 ===
[11:53:09]   PROVISIONAL: no extractor yet, using cited baselines
[11:53:09]   Net sales: 46,885.50 USDm  [REVIEW]
[11:53:09]       Q2 FY2025 net sales of $45.3bn grown by the midpoint of the reaffirmed FY2026 total sales growth guidance of 2.5%-4.5% (3.5%). Assumes Q2 grows in line with the full year; the acquisitions contributing to FY26 growth were present for part of Q2 FY25, so this may understate slightly.
[11:53:09]       WARNING provisional baseline; not calibrated
[11:53:09]       sources: home-depot/filings/2026-05-19__hd-us-20260519-q1-8k__1038584.md, home-depot/filings/2025-08-19__hd-us-20250819-q2-8k__101812.md
[11:53:09]   Adjusted diluted EPS: 4.77 USD / share  [REVIEW]
[11:53:09]       FY2026 adjusted diluted EPS guided to grow ~flat to +4.0% from $14.69, midpoint +2.0% giving $14.98 for the year. Q2 FY2025 adjusted EPS of $4.68 was 31.9% of FY2025's $14.69; applying that same seasonal share to the FY2026 midpoint gives the quarter.
[11:53:09]       WARNING provisional baseline; not calibrated
[11:53:09]       sources: home-depot/filings/2026-05-19__hd-us-20260519-q1-8k__1038584.md, home-depot/filings/2025-08-19__hd-us-20250819-q2-8k__101812.md
[11:53:09]   Comparable sales, total company: 1.00 %  [REVIEW]
[11:53:09]       FY2026 comparable sales guided ~flat to 2.0%, midpoint 1.0%. Q1 FY2026 printed +0.6%, below that midpoint, which implies management expects stronger comps later in the year; taking the FY midpoint for Q2 is the neutral read between the two.
[11:53:09]       WARNING provisional baseline; not calibrated
[11:53:09]       sources: home-depot/filings/2026-05-19__hd-us-20260519-q1-8k__1038584.md
[11:53:09]   wrote submission/HD-FY2026Q2.xlsx

[11:53:09] === Analog Devices (ADI) FY2026Q3 ===
[11:53:09]   271 docs -> 360 observations, 0 rejected, 3 calibrated metrics
[11:53:09]   Revenue: 3,964.71 USDm
[11:53:09]       Management guided 3,900.00 for FY2026Q3. Across 12 prior quarters the reported figure landed +1.66% (raw +2.35%) versus the guided midpoint; shrunk by n/(n+5) that correction puts the forecast 64.71 above the guide at 3,964.71.
[11:53:09]       sources: analog-devices/filings/2026-05-20__adi-us-20260520-q2-8k__1040581.md, analog-devices/filings/2025-11-25__adi-us-20251125-q4-8k__361005.md, analog-devices/filings/2026-02-18__adi-us-20260218-q1-8k-2__602115.md
[11:53:09]   Adjusted diluted EPS: 3.42 USD / share
[11:53:09]       Management guided 3.30 for FY2026Q3. Across 12 prior quarters the reported figure landed +3.52% (raw +4.99%) versus the guided midpoint; shrunk by n/(n+5) that correction puts the forecast 0.12 above the guide at 3.42.
[11:53:09]       sources: analog-devices/filings/2026-05-20__adi-us-20260520-q2-8k__1040581.md, analog-devices/filings/2025-11-25__adi-us-20251125-q4-8k__361005.md, analog-devices/filings/2026-02-18__adi-us-20260218-q1-8k-2__602115.md
[11:53:09]   Adjusted gross margin: 73.16 %
[11:53:09]       adj_gross_margin_pct is not guided, but adj_operating_margin_pct is. Fitting adj_gross_margin_pct on adj_operating_margin_pct across 16 reported quarters gives adj_gross_margin_pct = 45.56 + 0.557 x adj_operating_margin_pct (residual se 0.48pp). The slope below 1.0 shows the gap narrows as margins expand, so a fixed spread would overstate. Applied to the adj_operating_margin_pct forecast of 49.54 this gives 73.16.
[11:53:09]       sources: analog-devices/filings/2026-05-20__adi-us-20260520-q2-8k__1040581.md, analog-devices/filings/2025-11-25__adi-us-20251125-q4-8k__361005.md, analog-devices/filings/2026-02-18__adi-us-20260218-q1-8k-2__602115.md
[11:53:09]   wrote submission/ADI-FY2026Q3.xlsx

[11:53:09] === Hays plc (LSE:HAS) FY2026 ===
[11:53:09]   PROVISIONAL: no extractor yet, using cited baselines
[11:53:09]   Net fees: 933.50 GBPm  [REVIEW]
[11:53:09]       FY2025 net fees of GBP 972.4m reduced by the 4% actual (reported basis) decline given in the Q4 FY2026 trading statement. The statement's headline 5% decline is like-for-like; the actual basis is the one that reconciles to reported net fees, and is what the workbook asks for.
[11:53:09]       WARNING provisional baseline; not calibrated
[11:53:09]       sources: hays/filings/2026-07-10__has-ln-20260710-q4-8k__1572805.md, hays/filings/2025-08-21__has-ln-20250821-fy-8k__155999.md
[11:53:09]   Pre-exceptional basic EPS: 1.31 GBp  [REVIEW]
[11:53:09]       FY2025 pre-exceptional basic EPS was 1.31p on pre-exceptional operating profit of GBP 45.6m. FY2026 operating profit is forecast at 45.5m, essentially flat, so EPS is scaled by the profit ratio. The completed buyback reduces the share count, which is upside not captured here; the higher net finance charge noted in FY2025 is a partial offset. Entered in PENCE.
[11:53:09]       WARNING provisional baseline; not calibrated
[11:53:09]       sources: hays/filings/2026-07-10__has-ln-20260710-q4-8k__1572805.md, hays/filings/2025-08-21__has-ln-20250821-fy-8k__155999.md
[11:53:09]   Pre-exceptional operating profit: 45.50 GBPm  [REVIEW]
[11:53:09]       Company-compiled consensus for FY2026 pre-exceptional operating profit was GBP 43.5m across a 37.0-46.0m range from 10 analysts as at 9 July 2026. Management stated they expect to land at the TOP of that range. We take 45.5m: just below the 46.0m ceiling, since 'top of the range' is a directional steer rather than a point commitment. This is a deliberate, evidenced deviation above consensus rather than a matching of it.
[11:53:09]       WARNING provisional baseline; not calibrated
[11:53:09]       sources: hays/filings/2026-07-10__has-ln-20260710-q4-8k__1572805.md
[11:53:09]   wrote submission/HAS-FY2026.xlsx

[11:53:09] === Deere & Company (DE) FY2026Q3 ===
[11:53:09]   PROVISIONAL: no extractor yet, using cited baselines
[11:53:09]   Worldwide net sales and revenues: 11,417.10 USDm  [REVIEW]
[11:53:09]       Q3 FY2025 worldwide net sales and revenues of $12,018m reduced 5%. The FY2026 segment outlook has Production & Precision Ag down 5-10% with Small Ag & Turf and Construction & Forestry holding up better, so a group decline at the shallower end of the P&PA range is the neutral read.
[11:53:09]       WARNING provisional baseline; not calibrated
[11:53:09]       sources: deere/filings/2026-05-21__de-us-20260521-q2-8k__1042167.md, deere/filings/2025-08-15__de-us-20250815-q3-8k__143410.md
[11:53:09]   Diluted EPS (GAAP): 4.71 USD / share  [REVIEW]
[11:53:09]       FY2026 net income guided to $4.5-5.0bn, midpoint $4.75bn. H1 FY2026 delivered $2.429bn, leaving $2.321bn for H2. Q3 takes 55% of that on Deere's usual seasonal split, giving $1.277bn. Divided by the 270.8m diluted shares implied by H1's $2.429bn at $8.97 per share.
[11:53:09]       WARNING provisional baseline; not calibrated
[11:53:09]       sources: deere/filings/2026-05-21__de-us-20260521-q2-8k__1042167.md
[11:53:09]   Production & Precision Ag operating profit: 592.88 USDm  [REVIEW]
[11:53:09]       Q3 FY2025 P&PA net sales of $4,273m reduced 7.5%, the midpoint of the FY2026 guidance of down 5-10%, giving ~$3,952m. Applying a 15.0% operating margin: above Q3 FY2025's 13.6% because FY2026 guidance carries ~3.0% positive price realisation, but below the 15.7% Q2 FY2026 achieved ($706m on $4,503m), since Q3 carries lower volume. This is the least-constrained of the twelve and the first to replace with a fitted segment model.
[11:53:09]       WARNING provisional baseline; not calibrated
[11:53:09]       sources: deere/filings/2026-05-21__de-us-20260521-q2-8k__1042167.md, deere/filings/2025-08-15__de-us-20250815-q3-8k__143410.md
[11:53:09]   wrote submission/DE-FY2026Q3.xlsx

[11:53:09] OK — 4 workbooks written in 0.2s
