[12:02:59] Agents vs Wall Street — forecast run started 2026-08-16T12:02:59
[12:02:59] as_of: full frozen corpus

[12:02:59] registry verified against challenge/companies.json

[12:02:59] === Home Depot (HD) FY2026Q2 ===
[12:02:59]   PROVISIONAL: no extractor yet, using cited baselines
[12:02:59]   Net sales: 46,885.50 USDm  [REVIEW]
[12:02:59]       Q2 FY2025 net sales of $45.3bn grown by the midpoint of the reaffirmed FY2026 total sales growth guidance of 2.5%-4.5% (3.5%). Assumes Q2 grows in line with the full year; the acquisitions contributing to FY26 growth were present for part of Q2 FY25, so this may understate slightly.
[12:02:59]       WARNING provisional baseline; not calibrated
[12:02:59]       sources: home-depot/filings/2026-05-19__hd-us-20260519-q1-8k__1038584.md, home-depot/filings/2025-08-19__hd-us-20250819-q2-8k__101812.md
[12:02:59]   Adjusted diluted EPS: 4.77 USD / share  [REVIEW]
[12:02:59]       FY2026 adjusted diluted EPS guided to grow ~flat to +4.0% from $14.69, midpoint +2.0% giving $14.98 for the year. Q2 FY2025 adjusted EPS of $4.68 was 31.9% of FY2025's $14.69; applying that same seasonal share to the FY2026 midpoint gives the quarter.
[12:02:59]       WARNING provisional baseline; not calibrated
[12:02:59]       sources: home-depot/filings/2026-05-19__hd-us-20260519-q1-8k__1038584.md, home-depot/filings/2025-08-19__hd-us-20250819-q2-8k__101812.md
[12:02:59]   Comparable sales, total company: 1.00 %  [REVIEW]
[12:02:59]       FY2026 comparable sales guided ~flat to 2.0%, midpoint 1.0%. Q1 FY2026 printed +0.6%, below that midpoint, which implies management expects stronger comps later in the year; taking the FY midpoint for Q2 is the neutral read between the two.
[12:02:59]       WARNING provisional baseline; not calibrated
[12:02:59]       sources: home-depot/filings/2026-05-19__hd-us-20260519-q1-8k__1038584.md
[12:02:59]   wrote submission/HD-FY2026Q2.xlsx

[12:02:59] === Analog Devices (ADI) FY2026Q3 ===
[12:03:00]   271 docs -> 360 observations, 0 rejected, 3 calibrated metrics
[12:03:00]   Revenue: 3,964.71 USDm
[12:03:00]       Management guided 3,900.00 for FY2026Q3. Across 12 prior quarters the reported figure landed +1.66% (raw +2.35%) versus the guided midpoint; shrunk by n/(n+5) that correction puts the forecast 64.71 above the guide at 3,964.71.
[12:03:00]       sources: analog-devices/filings/2026-05-20__adi-us-20260520-q2-8k__1040581.md, analog-devices/filings/2025-11-25__adi-us-20251125-q4-8k__361005.md, analog-devices/filings/2026-02-18__adi-us-20260218-q1-8k-2__602115.md
[12:03:00]   Adjusted diluted EPS: 3.42 USD / share
[12:03:00]       Management guided 3.30 for FY2026Q3. Across 12 prior quarters the reported figure landed +3.52% (raw +4.99%) versus the guided midpoint; shrunk by n/(n+5) that correction puts the forecast 0.12 above the guide at 3.42.
[12:03:00]       sources: analog-devices/filings/2026-05-20__adi-us-20260520-q2-8k__1040581.md, analog-devices/filings/2025-11-25__adi-us-20251125-q4-8k__361005.md, analog-devices/filings/2026-02-18__adi-us-20260218-q1-8k-2__602115.md
[12:03:00]   Adjusted gross margin: 73.16 %
[12:03:00]       adj_gross_margin_pct is not guided, but adj_operating_margin_pct is. Fitting adj_gross_margin_pct on adj_operating_margin_pct across 16 reported periods gives adj_gross_margin_pct = 45.56 + 0.557 x adj_operating_margin_pct (residual se 0.48). A slope away from 1.0 means the gap between the two is not constant, so a fixed spread would bias the answer. Applied to the adj_operating_margin_pct forecast of 49.54 this gives 73.16.
[12:03:00]       sources: analog-devices/filings/2026-05-20__adi-us-20260520-q2-8k__1040581.md, analog-devices/filings/2025-11-25__adi-us-20251125-q4-8k__361005.md, analog-devices/filings/2026-02-18__adi-us-20260218-q1-8k-2__602115.md
[12:03:00]   wrote submission/ADI-FY2026Q3.xlsx

[12:03:00] === Hays plc (LSE:HAS) FY2026 ===
[12:03:00]   239 docs -> 63 observations, 5 conflicts/rejections
[12:03:00]   RESOLVED FY2024 pre_exc_operating_profit: -5.8 outside [1.0, 5000.0] (hays/filings/2025-08-21__has-ln-20250821-h2-8k-2__671218.md)
[12:03:00]   RESOLVED DISAGREEMENT FY2023 net_fees: documents report [225.7, 1294.6] — kept 1294.6 (reported by 3 of 4 extractions)
[12:03:00]   RESOLVED DISAGREEMENT FY2024 net_fees: documents report [192.2, 351.8, 1113.6] — kept 1113.6 (reported by 3 of 5 extractions)
[12:03:00]   RESOLVED DISAGREEMENT FY2025 net_fees: documents report [308.9, 972.4] — kept 972.4 (reported by 2 of 3 extractions)
[12:03:00]   RESOLVED DISAGREEMENT FY2025 pre_exc_operating_profit: documents report [45.6, 52.1] — kept 45.6 (reported by 2 of 3 extractions)
[12:03:00]   Net fees: 933.50 GBPm
[12:03:00]       FY2025 net_fees was 972.4. The FY2026 trading statement dated 2026-07-10 reports -4% on an actual (reported) basis, giving 933.5. The actual basis is used rather than the like-for-like headline because the workbook asks for reported net fees, and like-for-like excludes currency and the closed and divested countries.
[12:03:00]       sources: hays/filings/2026-07-10__has-ln-20260710-q4-8k__1572805.md, hays/filings/2025-08-21__has-ln-20250821-h2-8k__143890.md
[12:03:00]   Pre-exceptional basic EPS: 1.28 GBp
[12:03:00]       Inverse-variance combination of regression_bridge 1.00 (sigma 0.39, weight 10%); ratio_on_prior_actual 1.31 (sigma 0.13, weight 90%) -> 1.28.
[12:03:00]       sources: hays/filings/2026-07-10__has-ln-20260710-q4-8k__1572805.md, hays/filings/2025-08-21__has-ln-20250821-h2-8k__143890.md
[12:03:00]   Pre-exceptional operating profit: 45.50 GBPm
[12:03:00]       Company-compiled consensus for FY2026 pre_exc_operating_profit was 43.5 across a 37.0-46.0 range, published 2026-07-10 — after the year closed, so it is well informed. Management stated they expect to land at the top of that range, so we take 45.5, 80% of the way from consensus to the ceiling. Matching consensus would score 1.0 by construction; this is a deliberate deviation the company itself signposted.
[12:03:00]       sources: hays/filings/2026-07-10__has-ln-20260710-q4-8k__1572805.md
[12:03:00]   wrote submission/HAS-FY2026.xlsx

[12:03:00] === Deere & Company (DE) FY2026Q3 ===
[12:03:00]   PROVISIONAL: no extractor yet, using cited baselines
[12:03:00]   Worldwide net sales and revenues: 11,417.10 USDm  [REVIEW]
[12:03:00]       Q3 FY2025 worldwide net sales and revenues of $12,018m reduced 5%. The FY2026 segment outlook has Production & Precision Ag down 5-10% with Small Ag & Turf and Construction & Forestry holding up better, so a group decline at the shallower end of the P&PA range is the neutral read.
[12:03:00]       WARNING provisional baseline; not calibrated
[12:03:00]       sources: deere/filings/2026-05-21__de-us-20260521-q2-8k__1042167.md, deere/filings/2025-08-15__de-us-20250815-q3-8k__143410.md
[12:03:00]   Diluted EPS (GAAP): 4.71 USD / share  [REVIEW]
[12:03:00]       FY2026 net income guided to $4.5-5.0bn, midpoint $4.75bn. H1 FY2026 delivered $2.429bn, leaving $2.321bn for H2. Q3 takes 55% of that on Deere's usual seasonal split, giving $1.277bn. Divided by the 270.8m diluted shares implied by H1's $2.429bn at $8.97 per share.
[12:03:00]       WARNING provisional baseline; not calibrated
[12:03:00]       sources: deere/filings/2026-05-21__de-us-20260521-q2-8k__1042167.md
[12:03:00]   Production & Precision Ag operating profit: 592.88 USDm  [REVIEW]
[12:03:00]       Q3 FY2025 P&PA net sales of $4,273m reduced 7.5%, the midpoint of the FY2026 guidance of down 5-10%, giving ~$3,952m. Applying a 15.0% operating margin: above Q3 FY2025's 13.6% because FY2026 guidance carries ~3.0% positive price realisation, but below the 15.7% Q2 FY2026 achieved ($706m on $4,503m), since Q3 carries lower volume. This is the least-constrained of the twelve and the first to replace with a fitted segment model.
[12:03:00]       WARNING provisional baseline; not calibrated
[12:03:00]       sources: deere/filings/2026-05-21__de-us-20260521-q2-8k__1042167.md, deere/filings/2025-08-15__de-us-20250815-q3-8k__143410.md
[12:03:00]   wrote submission/DE-FY2026Q3.xlsx

[12:03:00] OK — 4 workbooks written in 0.3s
