[14:24:26] Agents vs Wall Street — forecast run started 2026-08-16T14:24:26
[14:24:26] as_of: 2026-08-16

[14:24:26] registry verified against challenge/companies.json

[14:24:26] === Home Depot (HD) FY2026Q2 ===
[14:24:27]   319 docs -> 125 observations, 0 rejected
[14:24:27]   Net sales: 47,105.31 USDm
[14:24:27]       Meta-forecast: street 47,416.26 (sigma 2,107.84, reliability 90%, overlap penalty 100%, weight 10%); fundamental 47,070.75 (sigma 682.89, reliability 85%, overlap penalty 100%, weight 90%) -> 47,105.31.
[14:24:27]       WARNING prediction_market abstained: no direct, point-in-time market with a defensible metric mapping
[14:24:27]       engine street: 10% (overlap penalty 100%)
[14:24:27]       engine fundamental: 90% (overlap penalty 100%)
[14:24:27]       sources: https://www.kiplinger.com/investing/stocks/17494/next-week-earnings-calendar-stocks, https://www.benzinga.com/quote/hd/earnings, https://www.linkedin.com/company/beta-finch/posts/
[14:24:27]   Adjusted diluted EPS: 4.64 USD / share
[14:24:27]       Meta-forecast: street 4.77 (sigma 0.25, reliability 80%, overlap penalty 83%, weight 19%); fundamental 4.58 (sigma 0.15, reliability 85%, overlap penalty 100%, weight 67%); prediction_market 4.77 (sigma 0.06, reliability 3%, overlap penalty 83%, weight 15%) -> 4.64.
[14:24:27]       engine street: 19% (overlap penalty 83%)
[14:24:27]       engine fundamental: 67% (overlap penalty 100%)
[14:24:27]       engine prediction_market: 15% (overlap penalty 83%)
[14:24:27]       sources: https://www.kiplinger.com/investing/stocks/17494/next-week-earnings-calendar-stocks, home-depot/filings/2026-05-19__hd-us-20260519-q1-8k__1038584.md, agent/ml-prediction-forecast.json
[14:24:27]   Comparable sales, total company: 1.22 %
[14:24:27]       Meta-forecast: street 1.30 (sigma 0.30, reliability 45%, overlap penalty 100%, weight 67%); fundamental 1.05 (sigma 0.59, reliability 85%, overlap penalty 100%, weight 33%) -> 1.22.
[14:24:27]       WARNING prediction_market abstained: no direct, point-in-time market with a defensible metric mapping
[14:24:27]       engine street: 67% (overlap penalty 100%)
[14:24:27]       engine fundamental: 33% (overlap penalty 100%)
[14:24:27]       sources: agent/FableResearchRun1.md, home-depot/filings/2026-05-19__hd-us-20260519-q1-8k__1038584.md, https://fred.stlouisfed.org/series/RSBMGESD
[14:24:27]   wrote submission/HD-FY2026Q2.xlsx

[14:24:27] === Analog Devices (ADI) FY2026Q3 ===
[14:24:27]   271 docs -> 360 observations, 0 rejected, 3 calibrated metrics
[14:24:27]   Revenue: 3,996.71 USDm
[14:24:27]       Meta-forecast: street 4,021.17 (sigma 185.05, reliability 70%, overlap penalty 100%, weight 4%); fundamental 3,995.80 (sigma 39.38, reliability 85%, overlap penalty 100%, weight 96%) -> 3,996.71.
[14:24:27]       WARNING prediction_market abstained: no direct, point-in-time market with a defensible metric mapping
[14:24:27]       engine street: 4% (overlap penalty 100%)
[14:24:27]       engine fundamental: 96% (overlap penalty 100%)
[14:24:27]       sources: https://www.benzinga.com/quote/adi/earnings, analog-devices/filings/2026-05-20__adi-us-20260520-q2-8k__1040581.md, analog-devices/filings/2025-11-25__adi-us-20251125-q4-8k__361005.md
[14:24:27]   Adjusted diluted EPS: 3.43 USD / share
[14:24:27]       Meta-forecast: street 3.51 (sigma 0.21, reliability 70%, overlap penalty 75%, weight 19%); fundamental 3.42 (sigma 0.13, reliability 85%, overlap penalty 100%, weight 79%); prediction_market 3.47 (sigma 0.11, reliability 3%, overlap penalty 75%, weight 3%) -> 3.43.
[14:24:27]       engine street: 19% (overlap penalty 75%)
[14:24:27]       engine fundamental: 79% (overlap penalty 100%)
[14:24:27]       engine prediction_market: 3% (overlap penalty 75%)
[14:24:27]       sources: https://www.benzinga.com/quote/adi/earnings, analog-devices/filings/2026-05-20__adi-us-20260520-q2-8k__1040581.md, analog-devices/filings/2025-11-25__adi-us-20251125-q4-8k__361005.md
[14:24:27]   Adjusted gross margin: 73.15 %
[14:24:27]       Meta-forecast: street 72.50 (sigma 5.80, reliability 45%, overlap penalty 100%, weight 1%); fundamental 73.16 (sigma 0.65, reliability 85%, overlap penalty 100%, weight 99%) -> 73.15.
[14:24:27]       WARNING prediction_market abstained: no direct, point-in-time market with a defensible metric mapping
[14:24:27]       engine street: 1% (overlap penalty 100%)
[14:24:27]       engine fundamental: 99% (overlap penalty 100%)
[14:24:27]       sources: agent/FableResearchRun1.md, analog-devices/filings/2026-05-20__adi-us-20260520-q2-8k__1040581.md, analog-devices/filings/2025-11-25__adi-us-20251125-q4-8k__361005.md
[14:24:27]   wrote submission/ADI-FY2026Q3.xlsx

[14:24:27] === Hays plc (LSE:HAS) FY2026 ===
[14:24:27]   239 docs -> 69 observations, 5 conflicts/rejections
[14:24:27]   RESOLVED FY2024 pre_exc_operating_profit: -5.8 outside [1.0, 5000.0] (hays/filings/2025-08-21__has-ln-20250821-h2-8k-2__671218.md)
[14:24:27]   RESOLVED DISAGREEMENT FY2023 net_fees: documents report [225.7, 1294.6] — kept 1294.6 (reported by 3 of 4 extractions)
[14:24:27]   RESOLVED DISAGREEMENT FY2024 net_fees: documents report [192.2, 351.8, 1113.6] — kept 1113.6 (reported by 3 of 5 extractions)
[14:24:27]   RESOLVED DISAGREEMENT FY2025 net_fees: documents report [308.9, 972.4] — kept 972.4 (reported by 2 of 3 extractions)
[14:24:27]   RESOLVED DISAGREEMENT FY2025 pre_exc_operating_profit: documents report [45.6, 52.1] — kept 45.6 (reported by 2 of 3 extractions)
[14:24:27]   Net fees: 903.49 GBPm
[14:24:27]       Meta-forecast: street 902.40 (sigma 72.19, reliability 70%, overlap penalty 100%, weight 1%); fundamental 903.50 (sigma 7.15, reliability 85%, overlap penalty 100%, weight 99%) -> 903.49.
[14:24:27]       WARNING prediction_market abstained: no direct, point-in-time market with a defensible metric mapping
[14:24:27]       engine street: 1% (overlap penalty 100%)
[14:24:27]       engine fundamental: 99% (overlap penalty 100%)
[14:24:27]       sources: https://www.haysplc.com/investors/analysts-consensus, hays/filings/2026-02-27__has-ln-20260227-h1-8k__642921.md, hays/filings/2025-08-21__has-ln-20250821-h2-8k__143890.md
[14:24:27]   Pre-exceptional basic EPS: 1.19 GBp
[14:24:27]       Meta-forecast: street 1.13 (sigma 0.09, reliability 70%, overlap penalty 100%, weight 60%); fundamental 1.28 (sigma 0.12, reliability 85%, overlap penalty 100%, weight 40%) -> 1.19.
[14:24:27]       WARNING prediction_market abstained: no direct, point-in-time market with a defensible metric mapping
[14:24:27]       engine street: 60% (overlap penalty 100%)
[14:24:27]       engine fundamental: 40% (overlap penalty 100%)
[14:24:27]       sources: https://www.haysplc.com/investors/analysts-consensus, hays/filings/2026-07-10__has-ln-20260710-q4-8k__1572805.md, hays/filings/2025-08-21__has-ln-20250821-h2-8k__143890.md
[14:24:27]   Pre-exceptional operating profit: 45.39 GBPm
[14:24:27]       Meta-forecast: street 45.30 (sigma 3.62, reliability 70%, overlap penalty 75%, weight 56%); fundamental 45.50 (sigma 4.50, reliability 85%, overlap penalty 75%, weight 44%) -> 45.39.
[14:24:27]       WARNING prediction_market abstained: no direct, point-in-time market with a defensible metric mapping
[14:24:27]       engine street: 56% (overlap penalty 75%)
[14:24:27]       engine fundamental: 44% (overlap penalty 75%)
[14:24:27]       sources: https://www.haysplc.com/investors/analysts-consensus, hays/filings/2026-07-10__has-ln-20260710-q4-8k__1572805.md
[14:24:27]   wrote submission/HAS-FY2026.xlsx

[14:24:27] === Deere & Company (DE) FY2026Q3 ===
[14:24:27]   310 docs -> 82 observations, 0 rejected
[14:24:27]   Worldwide net sales and revenues: 12,486.77 USDm
[14:24:27]       Meta-forecast: street 12,400.00 (sigma 992.00, reliability 45%, overlap penalty 100%, weight 9%); fundamental 12,495.00 (sigma 420.00, reliability 85%, overlap penalty 100%, weight 91%) -> 12,486.77.
[14:24:27]       WARNING prediction_market abstained: no direct, point-in-time market with a defensible metric mapping
[14:24:27]       engine street: 9% (overlap penalty 100%)
[14:24:27]       engine fundamental: 91% (overlap penalty 100%)
[14:24:27]       sources: agent/FableResearchRun1.md, https://www.globenewswire.com/news-release/2026/08/11/3343098/0/en/aem-united-states-ag-tractor-and-combine-report-july-2026.html, deere/filings/2026-05-21__de-us-20260521-q2-8k__1042167.md
[14:24:27]   Diluted EPS (GAAP): 5.03 USD / share
[14:24:27]       Meta-forecast: street 5.09 (sigma 0.45, reliability 80%, overlap penalty 75%, weight 24%); fundamental 5.01 (sigma 0.30, reliability 85%, overlap penalty 100%, weight 75%); prediction_market 5.19 (sigma 0.42, reliability 3%, overlap penalty 75%, weight 1%) -> 5.03.
[14:24:27]       engine street: 24% (overlap penalty 75%)
[14:24:27]       engine fundamental: 75% (overlap penalty 100%)
[14:24:27]       engine prediction_market: 1% (overlap penalty 75%)
[14:24:27]       sources: https://www.marketbeat.com/stocks/NYSE/DE/earnings/, https://www.kiplinger.com/investing/stocks/17494/next-week-earnings-calendar-stocks, https://www.globenewswire.com/news-release/2026/08/11/3343098/0/en/aem-united-states-ag-tractor-and-combine-report-july-2026.html
[14:24:27]   Production & Precision Ag operating profit: 522.65 USDm
[14:24:27]       Meta-forecast: street 520.00 (sigma 41.60, reliability 45%, overlap penalty 100%, weight 32%); fundamental 523.88 (sigma 38.98, reliability 85%, overlap penalty 100%, weight 68%) -> 522.65.
[14:24:27]       WARNING prediction_market abstained: no direct, point-in-time market with a defensible metric mapping
[14:24:27]       engine street: 32% (overlap penalty 100%)
[14:24:27]       engine fundamental: 68% (overlap penalty 100%)
[14:24:27]       sources: agent/FableResearchRun1.md, https://www.globenewswire.com/news-release/2026/08/11/3343098/0/en/aem-united-states-ag-tractor-and-combine-report-july-2026.html, https://drgnews.com/2026/07/23/u-s-and-canadian-sales-of-combines-see-slight-increase-in-june-2026/
[14:24:27]   wrote submission/DE-FY2026Q3.xlsx

[14:24:27] audit: submission/forecast-audit.json
[14:24:27] OK — 4 workbooks written in 1.3s
