[12:58:30] Agents vs Wall Street — forecast run started 2026-08-16T12:58:30
[12:58:30] as_of: full frozen corpus

[12:58:30] registry verified against challenge/companies.json

[12:58:30] === Home Depot (HD) FY2026Q2 ===
[12:58:31]   319 docs -> 125 observations, 0 rejected
[12:58:31]   Net sales: 47,002.15 USDm
[12:58:31]       Meta-forecast: street 47,416.26 (sigma 2,107.84, reliability 90%, overlap penalty 100%, weight 13%); fundamental 46,939.12 (sigma 799.15, reliability 85%, overlap penalty 100%, weight 87%) -> 47,002.15.
[12:58:31]       WARNING prediction_market abstained: no direct, point-in-time market with a defensible metric mapping
[12:58:31]       engine street: 13% (overlap penalty 100%)
[12:58:31]       engine fundamental: 87% (overlap penalty 100%)
[12:58:31]       sources: https://www.kiplinger.com/investing/stocks/17494/next-week-earnings-calendar-stocks, https://www.benzinga.com/quote/hd/earnings, research/raw/linkedin-hd.txt
[12:58:31]   Adjusted diluted EPS: 4.71 USD / share
[12:58:31]       Meta-forecast: street 4.77 (sigma 0.25, reliability 80%, overlap penalty 83%, weight 13%); fundamental 4.59 (sigma 0.17, reliability 85%, overlap penalty 100%, weight 36%); prediction_market 4.77 (sigma 0.06, reliability 15%, overlap penalty 83%, weight 51%) -> 4.71.
[12:58:31]       engine street: 13% (overlap penalty 83%)
[12:58:31]       engine fundamental: 36% (overlap penalty 100%)
[12:58:31]       engine prediction_market: 51% (overlap penalty 83%)
[12:58:31]       sources: https://www.kiplinger.com/investing/stocks/17494/next-week-earnings-calendar-stocks, home-depot/filings/2026-05-19__hd-us-20260519-q1-8k__1038584.md, https://polymarket.com/event/hd-quarterly-earnings-nongaap-eps-08-18-2026-4pt73
[12:58:31]   Comparable sales, total company: 1.32 %
[12:58:31]       Meta-forecast: street 1.30 (sigma 0.30, reliability 45%, overlap penalty 100%, weight 72%); fundamental 1.36 (sigma 0.67, reliability 85%, overlap penalty 100%, weight 28%) -> 1.32.
[12:58:31]       WARNING prediction_market abstained: no direct, point-in-time market with a defensible metric mapping
[12:58:31]       engine street: 72% (overlap penalty 100%)
[12:58:31]       engine fundamental: 28% (overlap penalty 100%)
[12:58:31]       sources: agent/FableResearchRun1.md, home-depot/filings/2026-05-19__hd-us-20260519-q1-8k__1038584.md, https://fred.stlouisfed.org/series/RSBMGESD
[12:58:31]   wrote submission/HD-FY2026Q2.xlsx

[12:58:31] === Analog Devices (ADI) FY2026Q3 ===
[12:58:31]   271 docs -> 360 observations, 0 rejected, 3 calibrated metrics
[12:58:31]   Revenue: 3,996.71 USDm
[12:58:31]       Meta-forecast: street 4,021.17 (sigma 185.05, reliability 70%, overlap penalty 100%, weight 4%); fundamental 3,995.80 (sigma 39.38, reliability 85%, overlap penalty 100%, weight 96%) -> 3,996.71.
[12:58:31]       WARNING prediction_market abstained: no direct, point-in-time market with a defensible metric mapping
[12:58:31]       engine street: 4% (overlap penalty 100%)
[12:58:31]       engine fundamental: 96% (overlap penalty 100%)
[12:58:31]       sources: https://www.benzinga.com/quote/adi/earnings, analog-devices/filings/2026-05-20__adi-us-20260520-q2-8k__1040581.md, analog-devices/filings/2025-11-25__adi-us-20251125-q4-8k__361005.md
[12:58:31]   Adjusted diluted EPS: 3.44 USD / share
[12:58:31]       Meta-forecast: street 3.51 (sigma 0.21, reliability 70%, overlap penalty 75%, weight 17%); fundamental 3.42 (sigma 0.13, reliability 85%, overlap penalty 100%, weight 71%); prediction_market 3.47 (sigma 0.11, reliability 15%, overlap penalty 75%, weight 13%) -> 3.44.
[12:58:31]       engine street: 17% (overlap penalty 75%)
[12:58:31]       engine fundamental: 71% (overlap penalty 100%)
[12:58:31]       engine prediction_market: 13% (overlap penalty 75%)
[12:58:31]       sources: https://www.benzinga.com/quote/adi/earnings, analog-devices/filings/2026-05-20__adi-us-20260520-q2-8k__1040581.md, analog-devices/filings/2025-11-25__adi-us-20251125-q4-8k__361005.md
[12:58:31]   Adjusted gross margin: 73.15 %
[12:58:31]       Meta-forecast: street 72.50 (sigma 5.80, reliability 45%, overlap penalty 100%, weight 1%); fundamental 73.16 (sigma 0.65, reliability 85%, overlap penalty 100%, weight 99%) -> 73.15.
[12:58:31]       WARNING prediction_market abstained: no direct, point-in-time market with a defensible metric mapping
[12:58:31]       engine street: 1% (overlap penalty 100%)
[12:58:31]       engine fundamental: 99% (overlap penalty 100%)
[12:58:31]       sources: agent/FableResearchRun1.md, analog-devices/filings/2026-05-20__adi-us-20260520-q2-8k__1040581.md, analog-devices/filings/2025-11-25__adi-us-20251125-q4-8k__361005.md
[12:58:31]   wrote submission/ADI-FY2026Q3.xlsx

[12:58:31] === Hays plc (LSE:HAS) FY2026 ===
[12:58:31]   239 docs -> 69 observations, 5 conflicts/rejections
[12:58:31]   RESOLVED FY2024 pre_exc_operating_profit: -5.8 outside [1.0, 5000.0] (hays/filings/2025-08-21__has-ln-20250821-h2-8k-2__671218.md)
[12:58:31]   RESOLVED DISAGREEMENT FY2023 net_fees: documents report [225.7, 1294.6] — kept 1294.6 (reported by 3 of 4 extractions)
[12:58:31]   RESOLVED DISAGREEMENT FY2024 net_fees: documents report [192.2, 351.8, 1113.6] — kept 1113.6 (reported by 3 of 5 extractions)
[12:58:31]   RESOLVED DISAGREEMENT FY2025 net_fees: documents report [308.9, 972.4] — kept 972.4 (reported by 2 of 3 extractions)
[12:58:31]   RESOLVED DISAGREEMENT FY2025 pre_exc_operating_profit: documents report [45.6, 52.1] — kept 45.6 (reported by 2 of 3 extractions)
[12:58:31]   Net fees: 888.62 GBPm
[12:58:31]       Meta-forecast: street 902.40 (sigma 72.19, reliability 70%, overlap penalty 100%, weight 1%); fundamental 888.50 (sigma 7.49, reliability 85%, overlap penalty 100%, weight 99%) -> 888.62.
[12:58:31]       WARNING prediction_market abstained: no direct, point-in-time market with a defensible metric mapping
[12:58:31]       engine street: 1% (overlap penalty 100%)
[12:58:31]       engine fundamental: 99% (overlap penalty 100%)
[12:58:31]       sources: https://www.haysplc.com/investors/analysts-consensus, hays/filings/2026-02-27__has-ln-20260227-h1-8k__642921.md, hays/filings/2025-08-21__has-ln-20250821-h2-8k__143890.md
[12:58:31]   Pre-exceptional basic EPS: 1.19 GBp
[12:58:31]       Meta-forecast: street 1.13 (sigma 0.09, reliability 70%, overlap penalty 100%, weight 60%); fundamental 1.28 (sigma 0.12, reliability 85%, overlap penalty 100%, weight 40%) -> 1.19.
[12:58:31]       WARNING prediction_market abstained: no direct, point-in-time market with a defensible metric mapping
[12:58:31]       engine street: 60% (overlap penalty 100%)
[12:58:31]       engine fundamental: 40% (overlap penalty 100%)
[12:58:31]       sources: https://www.haysplc.com/investors/analysts-consensus, hays/filings/2026-07-10__has-ln-20260710-q4-8k__1572805.md, hays/filings/2025-08-21__has-ln-20250821-h2-8k__143890.md
[12:58:31]   Pre-exceptional operating profit: 45.39 GBPm
[12:58:31]       Meta-forecast: street 45.30 (sigma 3.62, reliability 70%, overlap penalty 75%, weight 56%); fundamental 45.50 (sigma 4.50, reliability 85%, overlap penalty 75%, weight 44%) -> 45.39.
[12:58:31]       WARNING prediction_market abstained: no direct, point-in-time market with a defensible metric mapping
[12:58:31]       engine street: 56% (overlap penalty 75%)
[12:58:31]       engine fundamental: 44% (overlap penalty 75%)
[12:58:31]       sources: https://www.haysplc.com/investors/analysts-consensus, hays/filings/2026-07-10__has-ln-20260710-q4-8k__1572805.md
[12:58:31]   wrote submission/HAS-FY2026.xlsx

[12:58:31] === Deere & Company (DE) FY2026Q3 ===
[12:58:32]   310 docs -> 82 observations, 0 rejected
[12:58:32]   Worldwide net sales and revenues: 12,486.77 USDm
[12:58:32]       Meta-forecast: street 12,400.00 (sigma 992.00, reliability 45%, overlap penalty 100%, weight 9%); fundamental 12,495.00 (sigma 420.00, reliability 85%, overlap penalty 100%, weight 91%) -> 12,486.77.
[12:58:32]       WARNING prediction_market abstained: no direct, point-in-time market with a defensible metric mapping
[12:58:32]       engine street: 9% (overlap penalty 100%)
[12:58:32]       engine fundamental: 91% (overlap penalty 100%)
[12:58:32]       sources: agent/FableResearchRun1.md, https://www.globenewswire.com/news-release/2026/08/11/3343098/0/en/aem-united-states-ag-tractor-and-combine-report-july-2026.html, deere/filings/2026-05-21__de-us-20260521-q2-8k__1042167.md
[12:58:32]   Diluted EPS (GAAP): 5.04 USD / share
[12:58:32]       Meta-forecast: street 5.09 (sigma 0.45, reliability 80%, overlap penalty 75%, weight 23%); fundamental 5.01 (sigma 0.30, reliability 85%, overlap penalty 100%, weight 72%); prediction_market 5.19 (sigma 0.42, reliability 15%, overlap penalty 75%, weight 5%) -> 5.04.
[12:58:32]       engine street: 23% (overlap penalty 75%)
[12:58:32]       engine fundamental: 72% (overlap penalty 100%)
[12:58:32]       engine prediction_market: 5% (overlap penalty 75%)
[12:58:32]       sources: https://www.marketbeat.com/stocks/NYSE/DE/earnings/, https://www.kiplinger.com/investing/stocks/17494/next-week-earnings-calendar-stocks, https://www.globenewswire.com/news-release/2026/08/11/3343098/0/en/aem-united-states-ag-tractor-and-combine-report-july-2026.html
[12:58:32]   Production & Precision Ag operating profit: 522.65 USDm
[12:58:32]       Meta-forecast: street 520.00 (sigma 41.60, reliability 45%, overlap penalty 100%, weight 32%); fundamental 523.88 (sigma 38.98, reliability 85%, overlap penalty 100%, weight 68%) -> 522.65.
[12:58:32]       WARNING prediction_market abstained: no direct, point-in-time market with a defensible metric mapping
[12:58:32]       engine street: 32% (overlap penalty 100%)
[12:58:32]       engine fundamental: 68% (overlap penalty 100%)
[12:58:32]       sources: agent/FableResearchRun1.md, https://www.globenewswire.com/news-release/2026/08/11/3343098/0/en/aem-united-states-ag-tractor-and-combine-report-july-2026.html, https://drgnews.com/2026/07/23/u-s-and-canadian-sales-of-combines-see-slight-increase-in-june-2026/
[12:58:32]   wrote submission/DE-FY2026Q3.xlsx

[12:58:32] audit: submission/forecast-audit.json
[12:58:32] OK — 4 workbooks written in 1.3s
